<!DOCTYPE html>
<html>
<head><base href="http://localhost:2081/Home">
    <meta charset="utf-8" />
    <title>About Us</title>
    <link href="/Content/Site.css" rel="stylesheet" type="text/css" />
    <script src="/Scripts/jquery-1.5.1.min.js" type="text/javascript"></script>
    <script src="/Scripts/modernizr-1.7.min.js" type="text/javascript"></script>
</head>
<body>
    <div class="page">
        <header>
            <div id="title">
                <h1>My MVC Application</h1>
            </div>
             <nav>
                <ul id="menu">
                    <li><a href="/">Home</a></li>
                    <li><a href="/Home/About">About</a></li>
                </ul>
            </nav>
        </header>
        <section id="main">
            
<h2>About</h2>
<p>
     Put content here.
</p>

        </section>
        <footer>
        </footer>
    </div>
</body>
</html>