<!DOCTYPE html>
<html>
<head><base href="http://localhost:42111/Home">
    <meta charset="utf-8" />
    <title>Cars</title>
    <link href="/Content/Site.css" rel="stylesheet" type="text/css" />
    <script src="/Scripts/jquery-1.5.1.min.js" type="text/javascript"></script>
    <script src="/Scripts/modernizr-1.7.min.js" type="text/javascript"></script>
</head>
<body>
    <div class="page">
        <header>
            <div id="title">
                <h1>My MVC Application</h1>
            </div>

            <nav>
                <ul id="menu">
                    <li><a href="/">Home</a></li>
                    <li><a href="/Home/About">About</a></li>
                </ul>
            </nav>
        </header>
        <section id="main">
            

<h2>Cars</h2>

<p>
    <a href="/Home/Create">Create New</a>
</p>
<table>
    <tr>
        <th>
            Make
        </th>
        <th>
            Model
        </th>
        <th>
            Year
        </th>
        <th></th>
    </tr>

    <tr>
        <td>
            Vw
        </td>
        <td>
            Passat
        </td>
        <td>
            2002
        </td>
        <td>
            <a href="/Home/Edit">Edit</a> |
            <a href="/Home/Details">Details</a> |
            <a href="/Home/Delete">Delete</a>
        </td>
    </tr>
    <tr>
        <td>
            Honda
        </td>
        <td>
            Fit
        </td>
        <td>
            2007
        </td>
        <td>
            <a href="/Home/Edit">Edit</a> |
            <a href="/Home/Details">Details</a> |
            <a href="/Home/Delete">Delete</a>
        </td>
    </tr>

</table>

        </section>
        <footer>
        </footer>
    </div>
</body>
</html>
